<html>
<body>
<pre>
<h1>µVision Build Log</h1>
<h2>Project:</h2>
E:\GitHub\CP2526_TOUCH\CP2526_TOUCH\USER\USART.uvproj
Project File Date:  09/23/2016

<h2>Output:</h2>
Build target 'jiao_stm32'
compiling CP2526.c...
cp2526.h(10): warning:  #1-D: last line of file ends without a newline
  #endif
CP2526.c(9): warning:  #177-D: variable "j" was declared but never referenced
        unsigned char tempbuf[12],i,j;
CP2526.c(56): warning:  #1-D: last line of file ends without a newline
  }
CP2526.c(56): warning:  #940-D: missing return statement at end of non-void function "CP2526_Read"
  }
CP2526.c: 4 warnings, 0 errors
linking...
Program Size: Code=10644 RO-data=336 RW-data=124 ZI-data=1028  
FromELF: creating hex file...
"..\OUTPUT\jiao_stm32.axf" - 0 Error(s), 4 Warning(s).
Load "..\\OUTPUT\\jiao_stm32.axf" 
Set JLink Project File to "E:\GitHub\CP2526_TOUCH\CP2526_TOUCH\USER\JLinkSettings.ini"
* JLink Info: Device "STM32F103VE" selected (512 KB flash, 64 KB RAM).
 
JLink info:
------------
DLL: V4.80g, compiled Feb 13 2014 20:50:02
Firmware: J-Link ARM V8 compiled Nov 28 2014 13:44:46
Hardware: V8.00
S/N : 17935099 
Feature(s) : RDI,FlashDL,FlashBP,JFlash 
 
* JLink Info: TotalIRLen = 9, IRPrint = 0x0011
* JLink Info: TotalIRLen = 9, IRPrint = 0x0011
* JLink Info: Found Cortex-M3 r1p1, Little endian.
* JLink Info: FPUnit: 6 code (BP) slots and 2 literal slots
* JLink Info: TPIU fitted.
ROMTableAddr = 0xE00FF003
 
Target info:
------------
Device: STM32F103VE
VTarget = 3.300V
State of Pins: 
TCK: 1, TDI: 0, TDO: 1, TMS: 0, TRES: 1, TRST: 1
Hardware-Breakpoints: 6
Software-Breakpoints: 8192
Watchpoints:          4
JTAG speed: 2000 kHz
 
Full Chip Erase Done.
Programming Done.
Verify OK.
Application running ...
.
Programming Done.
Verify OK.
Application running ...
t image symbols.
Not enough information to list the image map.
Finished: 2 information, 0 warning and 1 error messages.
"..\OUTPUT\jiao_stm32.axf" - 1 Error(s), 10 Warning(s).
Target not created
